
R version 3.4.0 (2017-04-21) -- "You Stupid Darkness"
Copyright (C) 2017 The R Foundation for Statistical Computing
Platform: x86_64-apple-darwin15.6.0 (64-bit)

R is free software and comes with ABSOLUTELY NO WARRANTY.
You are welcome to redistribute it under certain conditions.
Type 'license()' or 'licence()' for distribution details.

  Natural language support but running in an English locale

R is a collaborative project with many contributors.
Type 'contributors()' for more information and
'citation()' on how to cite R or R packages in publications.

Type 'demo()' for some demos, 'help()' for on-line help, or
'help.start()' for an HTML browser interface to help.
Type 'q()' to quit R.

[R.app GUI 1.70 (7338) x86_64-apple-darwin15.6.0]

[History restored from /Users/ritu/.Rapp.history]

> # You will need to install the lme4 and lmerTest packages.
> # See http://derekogle.com/IFAR/supplements/installations/InstallPackagesRStudio.html
> #linear mixed effects model to test the effect of age, step sizes in time, and optional response, and age-response interaction on step sizes in acoustic space, for both infants and adults
> #If response is considered an independent variable, 
> #This exmaple is demonstrated using infant vocalisations. Change files and variables as necessary
> 
> library(lme4)
Loading required package: Matrix
> library(lmerTest)

Attaching package: ‘lmerTest’

The following object is masked from ‘package:lme4’:

    lmer

The following object is masked from ‘package:stats’:

    step

> 
> # Set the working directory to the directory containing the csv file
> # Modify the line below for your own file system
> setwd('/Users/ritu/Desktop/csv_files_Apr172018')
> 
> # Load the data in the csv file into a data frame variable - change file as necessary
> ch_fst = read.csv('chvoc_lmercorrltn.csv', header = TRUE)
> 
> attach(ch_fst)
> 
> # Make ID be treated as a categorial variable instead of a numeric variable
> id = as.factor(id)
> 
> #to find step size in acoustic space, we can simply do sqrt(freq step^2 + amplitude step^2)
> 
> sp_dist <- sqrt((freq_dist)^2 + (amp_dist)^2)
> 
> # Run a mixed effects regression - change dependent variable as necessary
> chn_fstep_lmer_model = lmer(scale(sp_dist) ~ (1|id) + scale(infantage) + scale(time_dist), data = ch_fst)
> summary(chn_fstep_lmer_model)
Linear mixed model fit by REML 
t-tests use  Satterthwaite approximations to degrees of freedom ['lmerMod']
Formula: scale(sp_dist) ~ (1 | id) + scale(infantage) + scale(time_dist)
   Data: ch_fst

REML criterion at convergence: 422621.7

Scaled residuals: 
     Min       1Q   Median       3Q      Max 
-11.6007  -0.7399  -0.2299   0.5039   8.3968 

Random effects:
 Groups   Name        Variance Std.Dev.
 id       (Intercept) 0.00412  0.06419 
 Residual             0.99289  0.99644 
Number of obs: 149272, groups:  id, 17

Fixed effects:
                  Estimate Std. Error        df t value Pr(>|t|)    
(Intercept)      1.942e-03  1.634e-02 1.400e+01   0.119    0.907    
scale(infantage) 2.605e-03  2.677e-03 1.230e+05   0.973    0.331    
scale(time_dist) 7.307e-02  2.584e-03 1.493e+05  28.279   <2e-16 ***
---
Signif. codes:  0 ‘***’ 0.001 ‘**’ 0.01 ‘*’ 0.05 ‘.’ 0.1 ‘ ’ 1

Correlation of Fixed Effects:
            (Intr) scl(n)
scal(nfntg)  0.029       
scl(tm_dst) -0.002  0.015
> 
> #to test these for human labelled data, add (1|listenerid) as a random effect
> 
> #plot(age, expf, col=c("red","blue")[withad])
> 
> detach(ch_fst)
> 
> # You will need to install the lme4 and lmerTest packages.
> # See http://derekogle.com/IFAR/supplements/installations/InstallPackagesRStudio.html
> #linear mixed effects model to test the effect of age, step sizes in time, and optional response, and age-response interaction on step sizes in acoustic space, for both infants and adults
> #If response is considered an independent variable, 
> #This exmaple is demonstrated using infant vocalisations. Change files and variables as necessary
> 
> library(lme4)
> library(lmerTest)
> 
> # Set the working directory to the directory containing the csv file
> # Modify the line below for your own file system
> setwd('/Users/ritu/Desktop/csv_files_Apr172018')
> 
> # Load the data in the csv file into a data frame variable - change file as necessary
> ch_fst = read.csv('advoc_lmercorrltn.csv', header = TRUE)
> 
> attach(ch_fst)
The following object is masked _by_ .GlobalEnv:

    id

> 
> # Make ID be treated as a categorial variable instead of a numeric variable
> id = as.factor(id)
> 
> #to find step size in acoustic space, we can simply do sqrt(freq step^2 + amplitude step^2)
> 
> sp_dist <- sqrt((freq_dist)^2 + (amp_dist)^2)
> 
> # Run a mixed effects regression - change dependent variable as necessary
> chn_fstep_lmer_model = lmer(scale(sp_dist) ~ (1|id) + scale(infantage) + scale(time_dist), data = ch_fst)
> summary(chn_fstep_lmer_model)
Linear mixed model fit by REML 
t-tests use  Satterthwaite approximations to degrees of freedom ['lmerMod']
Formula: scale(sp_dist) ~ (1 | id) + scale(infantage) + scale(time_dist)
   Data: ch_fst

REML criterion at convergence: 1303192

Scaled residuals: 
     Min       1Q   Median       3Q      Max 
-15.2578  -0.7327  -0.2343   0.4938   7.9090 

Random effects:
 Groups   Name        Variance Std.Dev.
 id       (Intercept) 0.0187   0.1367  
 Residual             0.9892   0.9946  
Number of obs: 460946, groups:  id, 17

Fixed effects:
                  Estimate Std. Error        df t value Pr(>|t|)    
(Intercept)      9.780e-02  3.337e-02 1.600e+01   2.931  0.00992 ** 
scale(infantage) 6.656e-02  1.544e-03 4.591e+05  43.102  < 2e-16 ***
scale(time_dist) 4.642e-02  1.466e-03 4.609e+05  31.660  < 2e-16 ***
---
Signif. codes:  0 ‘***’ 0.001 ‘**’ 0.01 ‘*’ 0.05 ‘.’ 0.1 ‘ ’ 1

Correlation of Fixed Effects:
            (Intr) scl(n)
scal(nfntg)  0.004       
scl(tm_dst) -0.003 -0.002
> 
> #to test these for human labelled data, add (1|listenerid) as a random effect
> 
> #plot(age, expf, col=c("red","blue")[withad])
> 
> detach(ch_fst)
> 
> 